[[TS(1), TS(2)], [TS(3), TS(4)]]
[[S { a: 1 }, S { a: 2 }], [S { a: 3 }, S { a: 4 }]]
[[E.a(1), E.a(2)], [E.a(3), E.a(4)]]
[[Box<Int> { v: 1 }, Box<Int> { v: 2 }], [Box<Int> { v: 3 }, Box<Int> { v: 4 }]]
[[Opt<Int>.some(1), Opt<Int>.some(2)], [Opt<Int>.some(3), Opt<Int>.some(4)]]
[[Wrap<Int>(1), Wrap<Int>(2)], [Wrap<Int>(3), Wrap<Int>(4)]]
[[[S { a: 1 }, S { a: 2 }]], [[S { a: 3 }]]]
[[P<Int, Int> { a: 1, b: 9 }, P<Int, Int> { a: 2, b: 9 }], [P<Int, Int> { a: 3, b: 9 }, P<Int, Int> { a: 4, b: 9 }]]
[[F { a: 1.0 }, F { a: 2.0 }], [F { a: 3.0 }, F { a: 4.0 }]]
