[2, 4, 6, 8, 10]
[0.5, 1.0, 1.5, 2.0, 2.5]
[11, 12, 13, 14, 15]
[11, 22, 33, 44, 55]
[101, 202]
[Hello, Alice!, Hello, Bob!, Hello, Charlie!]
[Point { x: 10, y: 4 }, Point { x: 20, y: 4 }, Point { x: 30, y: 4 }]
[Point { x: 5, y: 100 }, Point { x: 5, y: 200 }, Point { x: 5, y: 300 }]
[Point { x: 1, y: 10 }, Point { x: 2, y: 20 }, Point { x: 3, y: 30 }]
[Point { x: 1, y: 10 }, Point { x: 2, y: 20 }, Point { x: 3, y: 30 }]
[Point { x: 42, y: 7 }]
[Vec3 { x: 1.0, y: 0.0, z: 1.0 }, Vec3 { x: 2.0, y: 0.0, z: 1.0 }, Vec3 { x: 3.0, y: 0.0, z: 1.0 }]
[Vec3 { x: 1.0, y: 3.0, z: 5.0 }, Vec3 { x: 2.0, y: 4.0, z: 5.0 }]
[Vec3 { x: 1.0, y: 3.0, z: 5.0 }, Vec3 { x: 2.0, y: 4.0, z: 6.0 }]
[Vec3 { x: 1.0, y: 0.0, z: 0.0 }, Vec3 { x: 2.0, y: 0.0, z: 0.0 }, Vec3 { x: 3.0, y: 0.0, z: 0.0 }]
[Point { x: 1, y: 100 }, Point { x: 2, y: 100 }, Point { x: 3, y: 100 }]
[Point { x: 5, y: 10 }, Point { x: 5, y: 20 }]
