Int: repr=Atom sizeWords=1 value=1 recursive=0
Float: repr=Atom sizeWords=1 value=1 recursive=0
Bool: repr=Atom sizeWords=1 value=1 recursive=0
Symbol: repr=Atom sizeWords=1 value=1 recursive=0
String: repr=Pointer sizeWords=1 value=1 recursive=0
[Int]: repr=Pointer sizeWords=1 value=1 recursive=0
Fraction: repr=Inline sizeWords=2 value=1 recursive=0
Complex: repr=Inline sizeWords=2 value=1 recursive=0
Color: repr=DiscriminantEnum sizeWords=1 value=1 recursive=0
One: repr=DiscriminantEnum sizeWords=1 value=1 recursive=0
Option<String>: repr=NullablePtrEnum sizeWords=1 value=1 recursive=0 layout=[(@0,1w,String)]
NodeId: repr=UnwrappedTupleStruct sizeWords=1 value=1 recursive=0 layout=[(@0,1w,Int)]
Wgt: repr=UnwrappedTupleStruct sizeWords=1 value=1 recursive=0 layout=[(@0,1w,Float)]
Handle: repr=UnwrappedTupleStruct sizeWords=1 value=1 recursive=0 layout=[(@0,1w,String)]
Bag: repr=UnwrappedTupleStruct sizeWords=1 value=1 recursive=0 layout=[(@0,1w,[Int])]
Pair: repr=Inline sizeWords=2 value=1 recursive=0 inline=2 layout=[(@0,1w,Int),(@1,1w,Int)]
Quad: repr=Inline sizeWords=4 value=1 recursive=0 inline=4 layout=[(@0,1w,Int),(@1,1w,Int),(@2,1w,Int),(@3,1w,Int)]
Five: repr=Heap sizeWords=1 value=0 recursive=0 layout=[(@0,1w,Int),(@1,1w,Int),(@2,1w,Int),(@3,1w,Int),(@4,1w,Int)]
WithStr: repr=Inline sizeWords=2 value=1 recursive=0 inline=2 layout=[(@0,1w,Int),(@1,1w,String)]
(Int, Int): repr=Inline sizeWords=2 value=1 recursive=0 inline=2 layout=[(@0,1w,Int),(@1,1w,Int)]
(Int, Int, Int, Int): repr=Inline sizeWords=4 value=1 recursive=0 inline=4 layout=[(@0,1w,Int),(@1,1w,Int),(@2,1w,Int),(@3,1w,Int)]
(Int, Int, Int, Int, Int): repr=Heap sizeWords=1 value=0 recursive=0 layout=[(@0,1w,Int),(@1,1w,Int),(@2,1w,Int),(@3,1w,Int),(@4,1w,Int)]
Shape: repr=Inline sizeWords=3 value=1 recursive=0 inline=3 layout=[(@1,1w,Float),(@1,2w,(Float, Float)),(@0,0w,Void)]
Outer: repr=Inline sizeWords=3 value=1 recursive=0 inline=3 layout=[(@0,2w,Pair),(@2,1w,Int)]
TooBig: repr=Heap sizeWords=1 value=0 recursive=0 layout=[(@0,2w,Pair),(@2,2w,Pair),(@4,1w,Int)]
Mix: repr=Inline sizeWords=3 value=1 recursive=0 inline=3 layout=[(@1,2w,Complex),(@1,1w,Int)]
