Option<Complex>.some(1+2i)
Option<Complex>.none
Option<Complex>.some(1+2i)
Option<Complex>.none
1+2i
0+0i
1+2i
0+0i
Option<Fraction>.some(1/2)
1/2
0/1
Option<(Int, Int)>.some(10, 20)
(10, 20)
(0, 0)
Option<Pt>.some(Pt { x: 1, y: 2 })
Pt { x: 1, y: 2 }
Pt { x: 0, y: 0 }
Option<Int>.some(10)
Option<Int>.some(10)
Option<Int>.some(10)
[(1, 1+2i), (2, 3+4i)]
2
(1, 1+2i)
(1, 1+2i)
(2, 3+4i)
[(1, (10, 20)), (2, (30, 40))]
2
(1, (10, 20))
(2, (30, 40))
[(1, Big { a: 1, b: 2, c: 3, d: 4, e: 5 })]
1
true
false
[1+2i, 3+4i]
true
[1/2, 3/4]
true
[(1, 2), (3, 4)]
[(1, 1+2i), (2, 3+4i), (3, 5+6i)]
(1, 1+2i)
(2, 3+4i)
(3, 5+6i)
[(1, 1/2), (2, 3/4), (3, 5/6)]
(1, 1/2)
(2, 3/4)
(3, 5/6)
[(1+2i, 1/2), (3+4i, 3/4), (5+6i, 5/6)]
[(0, 1+2i), (1, 3+4i), (2, 5+6i)]
(0, 1+2i)
(1, 3+4i)
(2, 5+6i)
[(0, 1/2), (1, 3/4), (2, 5/6)]
List((1, 1+2i), (2, 3+4i), (3, 5+6i))
(1, 1+2i)
(2, 3+4i)
(3, 5+6i)
List((1, 1/2), (2, 3/4), (3, 5/6))
List((0, 1+2i), (1, 3+4i), (2, 5+6i))
List((0, 1/2), (1, 3/4), (2, 5/6))
1+2i
7+8i
9+10i
1/2
7/8
9/10
(1, 2)
(3, 4)
Pt { x: 1, y: 2 }
Pt { x: 3, y: 4 }
List(Option<Complex>.some(1+2i), Option<Complex>.some(3+4i), Option<Complex>.none)
3
Option<Complex>.some(1+2i)
Option<Complex>.some(3+4i)
Option<Complex>.none
List(Option<Fraction>.some(1/2), Option<Fraction>.some(3/4), Option<Fraction>.none)
Option<Fraction>.some(1/2)
Option<Fraction>.some(3/4)
Option<Fraction>.none
List(Option<(Int, Int)>.some(10, 20), Option<(Int, Int)>.some(30, 40), Option<(Int, Int)>.none)
Option<(Int, Int)>.some(10, 20)
Option<(Int, Int)>.some(30, 40)
Option<(Int, Int)>.none
List(Option<Pt>.some(Pt { x: 1, y: 2 }), Option<Pt>.some(Pt { x: 3, y: 4 }), Option<Pt>.none)
Option<Pt>.some(Pt { x: 1, y: 2 })
Option<Pt>.some(Pt { x: 3, y: 4 })
Option<Pt>.none
[Option<Complex>.some(1+2i), Option<Complex>.some(3+4i), Option<Complex>.none]
[Option<Fraction>.some(1/2), Option<Fraction>.some(3/4), Option<Fraction>.none]
[Option<(Int, Int)>.some(10, 20), Option<(Int, Int)>.some(30, 40), Option<(Int, Int)>.none]
[Option<Pt>.some(Pt { x: 1, y: 2 }), Option<Pt>.some(Pt { x: 3, y: 4 }), Option<Pt>.none]
1+2i
none
(10, 20)
Pt { x: 1, y: 2 }
Option<Big>.some(Big { a: 1, b: 2, c: 3, d: 4, e: 5 })
Option<Big>.none
List(Option<Big>.some(Big { a: 1, b: 2, c: 3, d: 4, e: 5 }), Option<Big>.none, Option<Big>.none)
[Option<Big>.some(Big { a: 1, b: 2, c: 3, d: 4, e: 5 }), Option<Big>.none, Option<Big>.none]
