1 + 2 = 3
a and c and b
100% done
true is false
3.14 and -0.5
half = 1/2
tuple: (7, 8, 9)
list: List(1, 2, 3)
array: [10, 20, 30]
hello world!
123 4.56 (7, 8, 9) 4/5 List(1, 2, 3) [1, 2, 3]
echo echo echo
first then first again
no placeholders
42 items
point: Point { x: 1.0, y: 2.0 }
color: Color.green
map: ['a: 1, 'b: 2]
trail%
%%
%=42
